// Jest Snapshot v1, https://goo.gl/fbAQLP

exports[`should render the Login page 1`] = `
ShallowWrapper {
  Symbol(enzyme.__root__): [Circular],
  Symbol(enzyme.__unrendered__): <Landing
    auth={
      Object {
        "isAuthenticated": false,
        "user": "test",
      }
    }
    history={
      Object {
        "push": [MockFunction],
      }
    }
  />,
  Symbol(enzyme.__renderer__): Object {
    "batchedUpdates": [Function],
    "getNode": [Function],
    "render": [Function],
    "simulateError": [Function],
    "simulateEvent": [Function],
    "unmount": [Function],
  },
  Symbol(enzyme.__node__): Object {
    "instance": null,
    "key": undefined,
    "nodeType": "host",
    "props": Object {
      "children": <div
        className="landing__notebook"
      >
        <div
          className="landing__subheading"
        >
          Planner, Notebook, and More with 90's Flair!
        </div>
        <ul>
          <li>
            <Link
              className="landing__nav-item"
              replace={false}
              to="/login"
            >
              <p>
                Login
              </p>
            </Link>
          </li>
          <li>
            <Link
              className="landing__nav-item"
              replace={false}
              to="/register"
            >
              <p>
                Register
              </p>
            </Link>
          </li>
        </ul>
      </div>,
    },
    "ref": null,
    "rendered": Object {
      "instance": null,
      "key": undefined,
      "nodeType": "host",
      "props": Object {
        "children": Array [
          <div
            className="landing__subheading"
          >
            Planner, Notebook, and More with 90's Flair!
          </div>,
          <ul>
            <li>
              <Link
                className="landing__nav-item"
                replace={false}
                to="/login"
              >
                <p>
                  Login
                </p>
              </Link>
            </li>
            <li>
              <Link
                className="landing__nav-item"
                replace={false}
                to="/register"
              >
                <p>
                  Register
                </p>
              </Link>
            </li>
          </ul>,
        ],
        "className": "landing__notebook",
      },
      "ref": null,
      "rendered": Array [
        Object {
          "instance": null,
          "key": undefined,
          "nodeType": "host",
          "props": Object {
            "children": "Planner, Notebook, and More with 90's Flair!",
            "className": "landing__subheading",
          },
          "ref": null,
          "rendered": "Planner, Notebook, and More with 90's Flair!",
          "type": "div",
        },
        Object {
          "instance": null,
          "key": undefined,
          "nodeType": "host",
          "props": Object {
            "children": Array [
              <li>
                <Link
                  className="landing__nav-item"
                  replace={false}
                  to="/login"
                >
                  <p>
                    Login
                  </p>
                </Link>
              </li>,
              <li>
                <Link
                  className="landing__nav-item"
                  replace={false}
                  to="/register"
                >
                  <p>
                    Register
                  </p>
                </Link>
              </li>,
            ],
          },
          "ref": null,
          "rendered": Array [
            Object {
              "instance": null,
              "key": undefined,
              "nodeType": "host",
              "props": Object {
                "children": <Link
                  className="landing__nav-item"
                  replace={false}
                  to="/login"
                >
                  <p>
                    Login
                  </p>
                </Link>,
              },
              "ref": null,
              "rendered": Object {
                "instance": null,
                "key": undefined,
                "nodeType": "class",
                "props": Object {
                  "children": <p>
                    Login
                  </p>,
                  "className": "landing__nav-item",
                  "replace": false,
                  "to": "/login",
                },
                "ref": null,
                "rendered": Object {
                  "instance": null,
                  "key": undefined,
                  "nodeType": "host",
                  "props": Object {
                    "children": "Login",
                  },
                  "ref": null,
                  "rendered": "Login",
                  "type": "p",
                },
                "type": [Function],
              },
              "type": "li",
            },
            Object {
              "instance": null,
              "key": undefined,
              "nodeType": "host",
              "props": Object {
                "children": <Link
                  className="landing__nav-item"
                  replace={false}
                  to="/register"
                >
                  <p>
                    Register
                  </p>
                </Link>,
              },
              "ref": null,
              "rendered": Object {
                "instance": null,
                "key": undefined,
                "nodeType": "class",
                "props": Object {
                  "children": <p>
                    Register
                  </p>,
                  "className": "landing__nav-item",
                  "replace": false,
                  "to": "/register",
                },
                "ref": null,
                "rendered": Object {
                  "instance": null,
                  "key": undefined,
                  "nodeType": "host",
                  "props": Object {
                    "children": "Register",
                  },
                  "ref": null,
                  "rendered": "Register",
                  "type": "p",
                },
                "type": [Function],
              },
              "type": "li",
            },
          ],
          "type": "ul",
        },
      ],
      "type": "div",
    },
    "type": "div",
  },
  Symbol(enzyme.__nodes__): Array [
    Object {
      "instance": null,
      "key": undefined,
      "nodeType": "host",
      "props": Object {
        "children": <div
          className="landing__notebook"
        >
          <div
            className="landing__subheading"
          >
            Planner, Notebook, and More with 90's Flair!
          </div>
          <ul>
            <li>
              <Link
                className="landing__nav-item"
                replace={false}
                to="/login"
              >
                <p>
                  Login
                </p>
              </Link>
            </li>
            <li>
              <Link
                className="landing__nav-item"
                replace={false}
                to="/register"
              >
                <p>
                  Register
                </p>
              </Link>
            </li>
          </ul>
        </div>,
      },
      "ref": null,
      "rendered": Object {
        "instance": null,
        "key": undefined,
        "nodeType": "host",
        "props": Object {
          "children": Array [
            <div
              className="landing__subheading"
            >
              Planner, Notebook, and More with 90's Flair!
            </div>,
            <ul>
              <li>
                <Link
                  className="landing__nav-item"
                  replace={false}
                  to="/login"
                >
                  <p>
                    Login
                  </p>
                </Link>
              </li>
              <li>
                <Link
                  className="landing__nav-item"
                  replace={false}
                  to="/register"
                >
                  <p>
                    Register
                  </p>
                </Link>
              </li>
            </ul>,
          ],
          "className": "landing__notebook",
        },
        "ref": null,
        "rendered": Array [
          Object {
            "instance": null,
            "key": undefined,
            "nodeType": "host",
            "props": Object {
              "children": "Planner, Notebook, and More with 90's Flair!",
              "className": "landing__subheading",
            },
            "ref": null,
            "rendered": "Planner, Notebook, and More with 90's Flair!",
            "type": "div",
          },
          Object {
            "instance": null,
            "key": undefined,
            "nodeType": "host",
            "props": Object {
              "children": Array [
                <li>
                  <Link
                    className="landing__nav-item"
                    replace={false}
                    to="/login"
                  >
                    <p>
                      Login
                    </p>
                  </Link>
                </li>,
                <li>
                  <Link
                    className="landing__nav-item"
                    replace={false}
                    to="/register"
                  >
                    <p>
                      Register
                    </p>
                  </Link>
                </li>,
              ],
            },
            "ref": null,
            "rendered": Array [
              Object {
                "instance": null,
                "key": undefined,
                "nodeType": "host",
                "props": Object {
                  "children": <Link
                    className="landing__nav-item"
                    replace={false}
                    to="/login"
                  >
                    <p>
                      Login
                    </p>
                  </Link>,
                },
                "ref": null,
                "rendered": Object {
                  "instance": null,
                  "key": undefined,
                  "nodeType": "class",
                  "props": Object {
                    "children": <p>
                      Login
                    </p>,
                    "className": "landing__nav-item",
                    "replace": false,
                    "to": "/login",
                  },
                  "ref": null,
                  "rendered": Object {
                    "instance": null,
                    "key": undefined,
                    "nodeType": "host",
                    "props": Object {
                      "children": "Login",
                    },
                    "ref": null,
                    "rendered": "Login",
                    "type": "p",
                  },
                  "type": [Function],
                },
                "type": "li",
              },
              Object {
                "instance": null,
                "key": undefined,
                "nodeType": "host",
                "props": Object {
                  "children": <Link
                    className="landing__nav-item"
                    replace={false}
                    to="/register"
                  >
                    <p>
                      Register
                    </p>
                  </Link>,
                },
                "ref": null,
                "rendered": Object {
                  "instance": null,
                  "key": undefined,
                  "nodeType": "class",
                  "props": Object {
                    "children": <p>
                      Register
                    </p>,
                    "className": "landing__nav-item",
                    "replace": false,
                    "to": "/register",
                  },
                  "ref": null,
                  "rendered": Object {
                    "instance": null,
                    "key": undefined,
                    "nodeType": "host",
                    "props": Object {
                      "children": "Register",
                    },
                    "ref": null,
                    "rendered": "Register",
                    "type": "p",
                  },
                  "type": [Function],
                },
                "type": "li",
              },
            ],
            "type": "ul",
          },
        ],
        "type": "div",
      },
      "type": "div",
    },
  ],
  Symbol(enzyme.__options__): Object {
    "adapter": ReactSixteenAdapter {
      "options": Object {
        "enableComponentDidUpdateOnSetState": true,
        "lifecycles": Object {
          "componentDidUpdate": Object {
            "onSetState": true,
          },
          "getDerivedStateFromProps": true,
          "getSnapshotBeforeUpdate": true,
          "setState": Object {
            "skipsComponentDidUpdateOnNullish": true,
          },
        },
      },
    },
  },
}
`;
